Physics demo map:-6.5
                                                                                        _SSSSSSS
        _       _                                                                    ___SSSSSSSS
        SS _    S_                                              _  _                 SSSSSSSSSSS
  S_ _ SSS@S_1_SSS_  __S_                                 _  __SSSSS  H             _SSSSSSSSSSS
SSSSSS SSS SSSSSSSSSSSSSSSS     H          _  _    _   _ _SSSSSSS     H      H     _SSSSS1SSSSSS
SSSSS _SSS   _  _         H     H       __ SSSSSSHSSSSSSSSS           H      H     SSSSSS _ SSSS
SSSSSSSSSS _ SSSSSS       H _   H  _  _SSSHSSS SSH    S         __    H      H     SSSSSSSS SSSS
SSSSSSSSSSSSSSSSSSS SS_   HSSS 1H_ SSSSS  H HSSSSH1_        _ _ SS _  H _    H1 S  ESSSS  _  SSS
SSSSSSSSSSSS SSS S  SSSS_   SSSSSSSS  1   H H  SSHSSS    _ _SSSSSSSSSSSSSSSSSSSSSSSSSSSSSSSSSSSS
SSSSSSSSSSSSSSSSSSS  SSSSS     H            H    H    __+SSSS SS SSSSSSSS SSSSSSSSSSSSSSSSSSSSSS
SSSSSSS SSSSSSSSSSS SS SSSSS   H    SSSSSSS H       _ SSSS SSSSSSSSSSSSSSSSSSSSSSS SSSSSSSSSSSSS
SSSSSSS SSSSSSSSSSS SS SSSSSSS H            H    SSSSSSSSS SSSSSSSSSSSSSSSSSSSSSSS SSSSSSSSSSSSS
SSSSSSSSSSSSSSSS SS               1     +    1 SSS SSSSSSSSSSSSSSSS SSSSSSSSSSSSSSSSS SSSS SSSSS
SSSSSSSSSSSSSSSSSSS     1 SSSSSSSSSSSSSSSSSSSSSSSSSSSSS SSSSSSSSSSSSSSSSSS SSSSSSSSSSSSSSSSSSSSS
SSSSSSSSSSSSSSSSSSSSSSSSSSSSSS                SSSSSSSSSSSSSSS SSSSSSS SSSSSSSSSSSSSSS SSSSSSSSSS
SSSSSSSSSSSSSSSSSSSSSSSSSSSS                    SSS  SSSSSSSSSSS SSSSSSSSS SSSSSSSSSSSSSSSSSSSSS
SSSSSSSSSSSSSSSSSSSSSSSSSSSSSS    S              SSSSSSSSSSSSSSSSSSS SSSSSSSSSSSSS SSSSSSSSSSSSS
SSSSSSSSSSSSSSSSSSSSSSSSSSSSSSSSSSS             SSSSSSSSSSSSS SSSSSSS SSSSSSSSSSSSSSS SSSSSSSSSS
SSSSSSSSSSSSSSSSSSSSSSSSSSSSSS                SSSSSSSSSSSSSSS SSSSSSS SSSSSSSSSSSSSSS SSSSSSSSSS
SSSSSSSSSSSSSSSSSSSSSSSSSSSSSS                SSSSSSSSSSSSSSS SSSSSSS SSSSSSSSSSSSSSS SSSSSSSSSS
SSSSSSSSSSSSSSSSSSSSSSSSSSSSSS                SSSSSSSSSSSSSSS SSSSSSS SSSSSSSSSSSSSSS SSSSSSSSSS
